Flow report for VGA_Subsystem
Sun May 10 00:08:58 2026
Quartus Prime Version 22.1std.0 Build 915 10/25/2022 SC Standard Edition


---------------------
; Table of Contents ;
---------------------
  1. Legal Notice
  2. Flow Summary
  3. Flow Settings
  4. Flow Non-Default Global Settings
  5. Flow Elapsed Time
  6. Flow OS Summary
  7. Flow Log
  8. Flow Messages
  9. Flow Suppressed Messages



----------------
; Legal Notice ;
----------------
Copyright (C) 2022  Intel Corporation. All rights reserved.
Your use of Intel Corporation's design tools, logic functions 
and other software and tools, and any partner logic 
functions, and any output files from any of the foregoing 
(including device programming or simulation files), and any 
associated documentation or information are expressly subject 
to the terms and conditions of the Intel Program License 
Subscription Agreement, the Intel Quartus Prime License Agreement,
the Intel FPGA IP License Agreement, or other applicable license
agreement, including, without limitation, that your use is for
the sole purpose of programming logic devices manufactured by
Intel and sold by Intel or its authorized distributors.  Please
refer to the applicable agreement for further details, at
https://fpgasoftware.intel.com/eula.



+-----------------------------------------------------------------------------------------+
; Flow Summary                                                                            ;
+------------------------------------+----------------------------------------------------+
; Flow Status                        ; Successful - Sun May 10 00:08:58 2026              ;
; Quartus Prime Version              ; 22.1std.0 Build 915 10/25/2022 SC Standard Edition ;
; Revision Name                      ; VGA_Subsystem                                      ;
; Top-level Entity Name              ; top                                                ;
; Family                             ; Cyclone IV E                                       ;
; Device                             ; EP4CE22F17C6                                       ;
; Timing Models                      ; Final                                              ;
; Total logic elements               ; 590 / 22,320 ( 3 % )                               ;
;     Total combinational functions  ; 453 / 22,320 ( 2 % )                               ;
;     Dedicated logic registers      ; 427 / 22,320 ( 2 % )                               ;
; Total registers                    ; 461                                                ;
; Total pins                         ; 92 / 154 ( 60 % )                                  ;
; Total virtual pins                 ; 0                                                  ;
; Total memory bits                  ; 26,624 / 608,256 ( 4 % )                           ;
; Embedded Multiplier 9-bit elements ; 0 / 132 ( 0 % )                                    ;
; Total PLLs                         ; 1 / 4 ( 25 % )                                     ;
+------------------------------------+----------------------------------------------------+


+-----------------------------------------+
; Flow Settings                           ;
+-------------------+---------------------+
; Option            ; Setting             ;
+-------------------+---------------------+
; Start date & time ; 05/10/2026 00:07:29 ;
; Main task         ; Compilation         ;
; Revision Name     ; VGA_Subsystem       ;
+-------------------+---------------------+


+-------------------------------------------------------------------------------------------------------------------------------------------------+
; Flow Non-Default Global Settings                                                                                                                ;
+--------------------------------------+----------------------------------------+---------------+-------------+-----------------------------------+
; Assignment Name                      ; Value                                  ; Default Value ; Entity Name ; Section Id                        ;
+--------------------------------------+----------------------------------------+---------------+-------------+-----------------------------------+
; COMPILER_SIGNATURE_ID                ; 229044584247206.177836444917528        ; --            ; --          ; --                                ;
; EDA_GENERATE_FUNCTIONAL_NETLIST      ; Off                                    ; --            ; --          ; eda_board_design_timing           ;
; EDA_GENERATE_FUNCTIONAL_NETLIST      ; Off                                    ; --            ; --          ; eda_timing_analysis               ;
; EDA_GENERATE_FUNCTIONAL_NETLIST      ; Off                                    ; --            ; --          ; eda_board_design_boundary_scan    ;
; EDA_GENERATE_FUNCTIONAL_NETLIST      ; Off                                    ; --            ; --          ; eda_board_design_signal_integrity ;
; EDA_GENERATE_FUNCTIONAL_NETLIST      ; Off                                    ; --            ; --          ; eda_formal_verification           ;
; EDA_GENERATE_FUNCTIONAL_NETLIST      ; Off                                    ; --            ; --          ; eda_board_design_symbol           ;
; EDA_OUTPUT_DATA_FORMAT               ; Vhdl                                   ; --            ; --          ; eda_simulation                    ;
; EDA_SIMULATION_TOOL                  ; Questa Intel FPGA (VHDL)               ; <None>        ; --          ; --                                ;
; EDA_TIME_SCALE                       ; 1 ps                                   ; --            ; --          ; eda_simulation                    ;
; ENABLE_SIGNALTAP                     ; On                                     ; --            ; --          ; --                                ;
; FITTER_EFFORT                        ; Standard Fit                           ; Auto Fit      ; --          ; --                                ;
; MAX_CORE_JUNCTION_TEMP               ; 85                                     ; --            ; --          ; --                                ;
; MIN_CORE_JUNCTION_TEMP               ; 0                                      ; --            ; --          ; --                                ;
; MISC_FILE                            ; src/VGA/DCLK_BUF.bsf                   ; --            ; --          ; --                                ;
; MISC_FILE                            ; src/VGA/DCLK_BUF_inst.vhd              ; --            ; --          ; --                                ;
; MISC_FILE                            ; src/VGA/DCLK_BUF.inc                   ; --            ; --          ; --                                ;
; MISC_FILE                            ; src/VGA/DCLK_BUF.cmp                   ; --            ; --          ; --                                ;
; MISC_FILE                            ; src/VGA/DCLK_BUF.ppf                   ; --            ; --          ; --                                ;
; MISC_FILE                            ; src/pll/pll_vga.cmp                    ; --            ; --          ; --                                ;
; MISC_FILE                            ; src/pll/pll_vga.ppf                    ; --            ; --          ; --                                ;
; MUX_RESTRUCTURE                      ; Off                                    ; Auto          ; --          ; --                                ;
; NUM_PARALLEL_PROCESSORS              ; 4                                      ; --            ; --          ; --                                ;
; OPTIMIZATION_MODE                    ; Aggressive Performance                 ; Balanced      ; --          ; --                                ;
; OUTPUT_IO_TIMING_FAR_END_VMEAS       ; Half Signal Swing                      ; --            ; --          ; --                                ;
; OUTPUT_IO_TIMING_FAR_END_VMEAS       ; Half Signal Swing                      ; --            ; --          ; --                                ;
; OUTPUT_IO_TIMING_NEAR_END_VMEAS      ; Half Vccio                             ; --            ; --          ; --                                ;
; OUTPUT_IO_TIMING_NEAR_END_VMEAS      ; Half Vccio                             ; --            ; --          ; --                                ;
; PARTITION_COLOR                      ; -- (Not supported for targeted family) ; --            ; top         ; Top                               ;
; PARTITION_FITTER_PRESERVATION_LEVEL  ; -- (Not supported for targeted family) ; --            ; top         ; Top                               ;
; PARTITION_NETLIST_TYPE               ; -- (Not supported for targeted family) ; --            ; top         ; Top                               ;
; PHYSICAL_SYNTHESIS_COMBO_LOGIC       ; On                                     ; Off           ; --          ; --                                ;
; PHYSICAL_SYNTHESIS_REGISTER_RETIMING ; On                                     ; Off           ; --          ; --                                ;
; PLACEMENT_EFFORT_MULTIPLIER          ; 4.0                                    ; 1.0           ; --          ; --                                ;
; POWER_BOARD_THERMAL_MODEL            ; None (CONSERVATIVE)                    ; --            ; --          ; --                                ;
; POWER_PRESET_COOLING_SOLUTION        ; 23 MM HEAT SINK WITH 200 LFPM AIRFLOW  ; --            ; --          ; --                                ;
; PROJECT_OUTPUT_DIRECTORY             ; output_files                           ; --            ; --          ; --                                ;
; ROUTER_TIMING_OPTIMIZATION_LEVEL     ; MAXIMUM                                ; Normal        ; --          ; --                                ;
; TOP_LEVEL_ENTITY                     ; top                                    ; VGA_Subsystem ; --          ; --                                ;
; USE_SIGNALTAP_FILE                   ; output_files/stp1.stp                  ; --            ; --          ; --                                ;
; VHDL_INPUT_VERSION                   ; VHDL_2008                              ; VHDL_1993     ; --          ; --                                ;
; VHDL_SHOW_LMF_MAPPING_MESSAGES       ; Off                                    ; --            ; --          ; --                                ;
+--------------------------------------+----------------------------------------+---------------+-------------+-----------------------------------+


+--------------------------------------------------------------------------------------------------------------------------+
; Flow Elapsed Time                                                                                                        ;
+----------------------+--------------+-------------------------+---------------------+------------------------------------+
; Module Name          ; Elapsed Time ; Average Processors Used ; Peak Virtual Memory ; Total CPU Time (on all processors) ;
+----------------------+--------------+-------------------------+---------------------+------------------------------------+
; Analysis & Synthesis ; 00:00:51     ; 1.0                     ; 4908 MB             ; 00:00:32                           ;
; Fitter               ; 00:00:20     ; 1.0                     ; 5595 MB             ; 00:00:19                           ;
; Assembler            ; 00:00:02     ; 1.0                     ; 4723 MB             ; 00:00:01                           ;
; Timing Analyzer      ; 00:00:03     ; 1.0                     ; 4807 MB             ; 00:00:03                           ;
; EDA Netlist Writer   ; 00:00:01     ; 1.0                     ; 4665 MB             ; 00:00:01                           ;
; Total                ; 00:01:17     ; --                      ; --                  ; 00:00:56                           ;
+----------------------+--------------+-------------------------+---------------------+------------------------------------+


+------------------------------------------------------------------------------------+
; Flow OS Summary                                                                    ;
+----------------------+------------------+------------+------------+----------------+
; Module Name          ; Machine Hostname ; OS Name    ; OS Version ; Processor type ;
+----------------------+------------------+------------+------------+----------------+
; Analysis & Synthesis ; DESKTOP-6EI9GTR  ; Windows 10 ; 10.0       ; x86_64         ;
; Fitter               ; DESKTOP-6EI9GTR  ; Windows 10 ; 10.0       ; x86_64         ;
; Assembler            ; DESKTOP-6EI9GTR  ; Windows 10 ; 10.0       ; x86_64         ;
; Timing Analyzer      ; DESKTOP-6EI9GTR  ; Windows 10 ; 10.0       ; x86_64         ;
; EDA Netlist Writer   ; DESKTOP-6EI9GTR  ; Windows 10 ; 10.0       ; x86_64         ;
+----------------------+------------------+------------+------------+----------------+


------------
; Flow Log ;
------------
quartus_map --read_settings_files=on --write_settings_files=off VGA_Subsystem -c VGA_Subsystem
quartus_fit --read_settings_files=off --write_settings_files=off VGA_Subsystem -c VGA_Subsystem
quartus_asm --read_settings_files=off --write_settings_files=off VGA_Subsystem -c VGA_Subsystem
quartus_sta VGA_Subsystem -c VGA_Subsystem
quartus_eda --read_settings_files=off --write_settings_files=off VGA_Subsystem -c VGA_Subsystem



