------------------------------------------------------------
Timing Analyzer Summary
------------------------------------------------------------

Type  : Slow 1200mV 85C Model Setup 'inst_pll_vga|altpll_component|auto_generated|pll1|clk[2]'
Slack : -2.463
TNS   : -16.059

Type  : Slow 1200mV 85C Model Setup 'inst_pll_vga|altpll_component|auto_generated|pll1|clk[1]'
Slack : -0.575
TNS   : -7.006

Type  : Slow 1200mV 85C Model Setup 'inst_pll_vga|altpll_component|auto_generated|pll1|clk[0]'
Slack : 2.877
TNS   : 0.000

Type  : Slow 1200mV 85C Model Setup 'altera_reserved_tck'
Slack : 44.697
TNS   : 0.000

Type  : Slow 1200mV 85C Model Hold 'inst_pll_vga|altpll_component|auto_generated|pll1|clk[0]'
Slack : 0.300
TNS   : 0.000

Type  : Slow 1200mV 85C Model Hold 'inst_pll_vga|altpll_component|auto_generated|pll1|clk[2]'
Slack : 0.323
TNS   : 0.000

Type  : Slow 1200mV 85C Model Hold 'altera_reserved_tck'
Slack : 0.357
TNS   : 0.000

Type  : Slow 1200mV 85C Model Hold 'inst_pll_vga|altpll_component|auto_generated|pll1|clk[1]'
Slack : 0.361
TNS   : 0.000

Type  : Slow 1200mV 85C Model Recovery 'inst_pll_vga|altpll_component|auto_generated|pll1|clk[2]'
Slack : 4.795
TNS   : 0.000

Type  : Slow 1200mV 85C Model Recovery 'inst_pll_vga|altpll_component|auto_generated|pll1|clk[0]'
Slack : 5.213
TNS   : 0.000

Type  : Slow 1200mV 85C Model Recovery 'altera_reserved_tck'
Slack : 97.662
TNS   : 0.000

Type  : Slow 1200mV 85C Model Removal 'inst_pll_vga|altpll_component|auto_generated|pll1|clk[0]'
Slack : 0.526
TNS   : 0.000

Type  : Slow 1200mV 85C Model Removal 'altera_reserved_tck'
Slack : 0.859
TNS   : 0.000

Type  : Slow 1200mV 85C Model Removal 'inst_pll_vga|altpll_component|auto_generated|pll1|clk[2]'
Slack : 1.232
TNS   : 0.000

Type  : Slow 1200mV 85C Model Minimum Pulse Width 'inst_pll_vga|altpll_component|auto_generated|pll1|clk[2]'
Slack : 3.312
TNS   : 0.000

Type  : Slow 1200mV 85C Model Minimum Pulse Width 'inst_pll_vga|altpll_component|auto_generated|pll1|clk[0]'
Slack : 3.315
TNS   : 0.000

Type  : Slow 1200mV 85C Model Minimum Pulse Width 'CLOCK_50'
Slack : 9.747
TNS   : 0.000

Type  : Slow 1200mV 85C Model Minimum Pulse Width 'inst_pll_vga|altpll_component|auto_generated|pll1|clk[1]'
Slack : 19.587
TNS   : 0.000

Type  : Slow 1200mV 85C Model Minimum Pulse Width 'altera_reserved_tck'
Slack : 49.491
TNS   : 0.000

Type  : Slow 1200mV 0C Model Setup 'inst_pll_vga|altpll_component|auto_generated|pll1|clk[2]'
Slack : -2.116
TNS   : -12.713

Type  : Slow 1200mV 0C Model Setup 'inst_pll_vga|altpll_component|auto_generated|pll1|clk[1]'
Slack : -0.441
TNS   : -4.754

Type  : Slow 1200mV 0C Model Setup 'inst_pll_vga|altpll_component|auto_generated|pll1|clk[0]'
Slack : 3.311
TNS   : 0.000

Type  : Slow 1200mV 0C Model Setup 'altera_reserved_tck'
Slack : 45.335
TNS   : 0.000

Type  : Slow 1200mV 0C Model Hold 'inst_pll_vga|altpll_component|auto_generated|pll1|clk[0]'
Slack : 0.295
TNS   : 0.000

Type  : Slow 1200mV 0C Model Hold 'altera_reserved_tck'
Slack : 0.310
TNS   : 0.000

Type  : Slow 1200mV 0C Model Hold 'inst_pll_vga|altpll_component|auto_generated|pll1|clk[2]'
Slack : 0.311
TNS   : 0.000

Type  : Slow 1200mV 0C Model Hold 'inst_pll_vga|altpll_component|auto_generated|pll1|clk[1]'
Slack : 0.319
TNS   : 0.000

Type  : Slow 1200mV 0C Model Recovery 'inst_pll_vga|altpll_component|auto_generated|pll1|clk[2]'
Slack : 5.036
TNS   : 0.000

Type  : Slow 1200mV 0C Model Recovery 'inst_pll_vga|altpll_component|auto_generated|pll1|clk[0]'
Slack : 5.410
TNS   : 0.000

Type  : Slow 1200mV 0C Model Recovery 'altera_reserved_tck'
Slack : 97.892
TNS   : 0.000

Type  : Slow 1200mV 0C Model Removal 'inst_pll_vga|altpll_component|auto_generated|pll1|clk[0]'
Slack : 0.477
TNS   : 0.000

Type  : Slow 1200mV 0C Model Removal 'altera_reserved_tck'
Slack : 0.765
TNS   : 0.000

Type  : Slow 1200mV 0C Model Removal 'inst_pll_vga|altpll_component|auto_generated|pll1|clk[2]'
Slack : 1.123
TNS   : 0.000

Type  : Slow 1200mV 0C Model Minimum Pulse Width 'inst_pll_vga|altpll_component|auto_generated|pll1|clk[0]'
Slack : 3.314
TNS   : 0.000

Type  : Slow 1200mV 0C Model Minimum Pulse Width 'inst_pll_vga|altpll_component|auto_generated|pll1|clk[2]'
Slack : 3.315
TNS   : 0.000

Type  : Slow 1200mV 0C Model Minimum Pulse Width 'CLOCK_50'
Slack : 9.709
TNS   : 0.000

Type  : Slow 1200mV 0C Model Minimum Pulse Width 'inst_pll_vga|altpll_component|auto_generated|pll1|clk[1]'
Slack : 19.584
TNS   : 0.000

Type  : Slow 1200mV 0C Model Minimum Pulse Width 'altera_reserved_tck'
Slack : 49.441
TNS   : 0.000

Type  : Fast 1200mV 0C Model Setup 'inst_pll_vga|altpll_component|auto_generated|pll1|clk[2]'
Slack : -1.085
TNS   : -4.492

Type  : Fast 1200mV 0C Model Setup 'inst_pll_vga|altpll_component|auto_generated|pll1|clk[1]'
Slack : 0.016
TNS   : 0.000

Type  : Fast 1200mV 0C Model Setup 'inst_pll_vga|altpll_component|auto_generated|pll1|clk[0]'
Slack : 4.772
TNS   : 0.000

Type  : Fast 1200mV 0C Model Setup 'altera_reserved_tck'
Slack : 47.242
TNS   : 0.000

Type  : Fast 1200mV 0C Model Hold 'inst_pll_vga|altpll_component|auto_generated|pll1|clk[0]'
Slack : 0.142
TNS   : 0.000

Type  : Fast 1200mV 0C Model Hold 'inst_pll_vga|altpll_component|auto_generated|pll1|clk[2]'
Slack : 0.161
TNS   : 0.000

Type  : Fast 1200mV 0C Model Hold 'altera_reserved_tck'
Slack : 0.186
TNS   : 0.000

Type  : Fast 1200mV 0C Model Hold 'inst_pll_vga|altpll_component|auto_generated|pll1|clk[1]'
Slack : 0.192
TNS   : 0.000

Type  : Fast 1200mV 0C Model Recovery 'inst_pll_vga|altpll_component|auto_generated|pll1|clk[2]'
Slack : 5.736
TNS   : 0.000

Type  : Fast 1200mV 0C Model Recovery 'inst_pll_vga|altpll_component|auto_generated|pll1|clk[0]'
Slack : 6.010
TNS   : 0.000

Type  : Fast 1200mV 0C Model Recovery 'altera_reserved_tck'
Slack : 98.601
TNS   : 0.000

Type  : Fast 1200mV 0C Model Removal 'inst_pll_vga|altpll_component|auto_generated|pll1|clk[0]'
Slack : 0.291
TNS   : 0.000

Type  : Fast 1200mV 0C Model Removal 'altera_reserved_tck'
Slack : 0.482
TNS   : 0.000

Type  : Fast 1200mV 0C Model Removal 'inst_pll_vga|altpll_component|auto_generated|pll1|clk[2]'
Slack : 0.658
TNS   : 0.000

Type  : Fast 1200mV 0C Model Minimum Pulse Width 'inst_pll_vga|altpll_component|auto_generated|pll1|clk[2]'
Slack : 3.320
TNS   : 0.000

Type  : Fast 1200mV 0C Model Minimum Pulse Width 'inst_pll_vga|altpll_component|auto_generated|pll1|clk[0]'
Slack : 3.323
TNS   : 0.000

Type  : Fast 1200mV 0C Model Minimum Pulse Width 'CLOCK_50'
Slack : 9.416
TNS   : 0.000

Type  : Fast 1200mV 0C Model Minimum Pulse Width 'inst_pll_vga|altpll_component|auto_generated|pll1|clk[1]'
Slack : 19.597
TNS   : 0.000

Type  : Fast 1200mV 0C Model Minimum Pulse Width 'altera_reserved_tck'
Slack : 49.295
TNS   : 0.000

------------------------------------------------------------
