------------------------------------------------------------
Timing Analyzer Summary
------------------------------------------------------------

Type  : Slow 1200mV 85C Model Setup 'inst_pll_vga|altpll_component|auto_generated|pll1|clk[2]'
Slack : -2.199
TNS   : -15.136

Type  : Slow 1200mV 85C Model Setup 'inst_pll_vga|altpll_component|auto_generated|pll1|clk[1]'
Slack : -0.419
TNS   : -7.595

Type  : Slow 1200mV 85C Model Setup 'inst_pll_vga|altpll_component|auto_generated|pll1|clk[0]'
Slack : 2.987
TNS   : 0.000

Type  : Slow 1200mV 85C Model Hold 'inst_pll_vga|altpll_component|auto_generated|pll1|clk[0]'
Slack : 0.294
TNS   : 0.000

Type  : Slow 1200mV 85C Model Hold 'inst_pll_vga|altpll_component|auto_generated|pll1|clk[2]'
Slack : 0.316
TNS   : 0.000

Type  : Slow 1200mV 85C Model Hold 'inst_pll_vga|altpll_component|auto_generated|pll1|clk[1]'
Slack : 0.347
TNS   : 0.000

Type  : Slow 1200mV 85C Model Recovery 'inst_pll_vga|altpll_component|auto_generated|pll1|clk[2]'
Slack : 4.641
TNS   : 0.000

Type  : Slow 1200mV 85C Model Recovery 'inst_pll_vga|altpll_component|auto_generated|pll1|clk[0]'
Slack : 5.436
TNS   : 0.000

Type  : Slow 1200mV 85C Model Removal 'inst_pll_vga|altpll_component|auto_generated|pll1|clk[0]'
Slack : 0.696
TNS   : 0.000

Type  : Slow 1200mV 85C Model Removal 'inst_pll_vga|altpll_component|auto_generated|pll1|clk[2]'
Slack : 0.889
TNS   : 0.000

Type  : Slow 1200mV 85C Model Minimum Pulse Width 'inst_pll_vga|altpll_component|auto_generated|pll1|clk[2]'
Slack : 3.312
TNS   : 0.000

Type  : Slow 1200mV 85C Model Minimum Pulse Width 'inst_pll_vga|altpll_component|auto_generated|pll1|clk[0]'
Slack : 3.314
TNS   : 0.000

Type  : Slow 1200mV 85C Model Minimum Pulse Width 'CLOCK_50'
Slack : 9.747
TNS   : 0.000

Type  : Slow 1200mV 85C Model Minimum Pulse Width 'inst_pll_vga|altpll_component|auto_generated|pll1|clk[1]'
Slack : 19.586
TNS   : 0.000

Type  : Slow 1200mV 0C Model Setup 'inst_pll_vga|altpll_component|auto_generated|pll1|clk[2]'
Slack : -1.886
TNS   : -11.939

Type  : Slow 1200mV 0C Model Setup 'inst_pll_vga|altpll_component|auto_generated|pll1|clk[1]'
Slack : -0.295
TNS   : -5.066

Type  : Slow 1200mV 0C Model Setup 'inst_pll_vga|altpll_component|auto_generated|pll1|clk[0]'
Slack : 3.406
TNS   : 0.000

Type  : Slow 1200mV 0C Model Hold 'inst_pll_vga|altpll_component|auto_generated|pll1|clk[0]'
Slack : 0.285
TNS   : 0.000

Type  : Slow 1200mV 0C Model Hold 'inst_pll_vga|altpll_component|auto_generated|pll1|clk[2]'
Slack : 0.307
TNS   : 0.000

Type  : Slow 1200mV 0C Model Hold 'inst_pll_vga|altpll_component|auto_generated|pll1|clk[1]'
Slack : 0.309
TNS   : 0.000

Type  : Slow 1200mV 0C Model Recovery 'inst_pll_vga|altpll_component|auto_generated|pll1|clk[2]'
Slack : 4.895
TNS   : 0.000

Type  : Slow 1200mV 0C Model Recovery 'inst_pll_vga|altpll_component|auto_generated|pll1|clk[0]'
Slack : 5.621
TNS   : 0.000

Type  : Slow 1200mV 0C Model Removal 'inst_pll_vga|altpll_component|auto_generated|pll1|clk[0]'
Slack : 0.629
TNS   : 0.000

Type  : Slow 1200mV 0C Model Removal 'inst_pll_vga|altpll_component|auto_generated|pll1|clk[2]'
Slack : 0.800
TNS   : 0.000

Type  : Slow 1200mV 0C Model Minimum Pulse Width 'inst_pll_vga|altpll_component|auto_generated|pll1|clk[2]'
Slack : 3.310
TNS   : 0.000

Type  : Slow 1200mV 0C Model Minimum Pulse Width 'inst_pll_vga|altpll_component|auto_generated|pll1|clk[0]'
Slack : 3.314
TNS   : 0.000

Type  : Slow 1200mV 0C Model Minimum Pulse Width 'CLOCK_50'
Slack : 9.709
TNS   : 0.000

Type  : Slow 1200mV 0C Model Minimum Pulse Width 'inst_pll_vga|altpll_component|auto_generated|pll1|clk[1]'
Slack : 19.579
TNS   : 0.000

Type  : Fast 1200mV 0C Model Setup 'inst_pll_vga|altpll_component|auto_generated|pll1|clk[2]'
Slack : -0.935
TNS   : -4.223

Type  : Fast 1200mV 0C Model Setup 'inst_pll_vga|altpll_component|auto_generated|pll1|clk[1]'
Slack : 0.106
TNS   : 0.000

Type  : Fast 1200mV 0C Model Setup 'inst_pll_vga|altpll_component|auto_generated|pll1|clk[0]'
Slack : 4.767
TNS   : 0.000

Type  : Fast 1200mV 0C Model Hold 'inst_pll_vga|altpll_component|auto_generated|pll1|clk[0]'
Slack : 0.136
TNS   : 0.000

Type  : Fast 1200mV 0C Model Hold 'inst_pll_vga|altpll_component|auto_generated|pll1|clk[2]'
Slack : 0.155
TNS   : 0.000

Type  : Fast 1200mV 0C Model Hold 'inst_pll_vga|altpll_component|auto_generated|pll1|clk[1]'
Slack : 0.187
TNS   : 0.000

Type  : Fast 1200mV 0C Model Recovery 'inst_pll_vga|altpll_component|auto_generated|pll1|clk[2]'
Slack : 5.646
TNS   : 0.000

Type  : Fast 1200mV 0C Model Recovery 'inst_pll_vga|altpll_component|auto_generated|pll1|clk[0]'
Slack : 6.152
TNS   : 0.000

Type  : Fast 1200mV 0C Model Removal 'inst_pll_vga|altpll_component|auto_generated|pll1|clk[0]'
Slack : 0.376
TNS   : 0.000

Type  : Fast 1200mV 0C Model Removal 'inst_pll_vga|altpll_component|auto_generated|pll1|clk[2]'
Slack : 0.488
TNS   : 0.000

Type  : Fast 1200mV 0C Model Minimum Pulse Width 'inst_pll_vga|altpll_component|auto_generated|pll1|clk[2]'
Slack : 3.321
TNS   : 0.000

Type  : Fast 1200mV 0C Model Minimum Pulse Width 'inst_pll_vga|altpll_component|auto_generated|pll1|clk[0]'
Slack : 3.323
TNS   : 0.000

Type  : Fast 1200mV 0C Model Minimum Pulse Width 'CLOCK_50'
Slack : 9.416
TNS   : 0.000

Type  : Fast 1200mV 0C Model Minimum Pulse Width 'inst_pll_vga|altpll_component|auto_generated|pll1|clk[1]'
Slack : 19.596
TNS   : 0.000

------------------------------------------------------------
